---
source: src/token/tests.rs
expression: tokenize(&input)
---
[
    Return("return", 1..7),
]
