---
source: src/token/tests.rs
expression: tokenize(&input)
---
[
    Loop("loop", 0..4),
    Continue("continue", 7..15),
    End("end", 16..19),
]
