---
source: src/token/tests.rs
expression: tokenize(&input)
---
[
    Nil("nil", 0..3),
]
