---
source: src/parser/tests.rs
expression: snapshot
---
SOURCE
##parse

return  # no value


OK
Root(
    [
        StmtExpr(
            Return(
                None,
            ),
        ),
    ],
)
