---
source: src/parser/tests.rs
expression: snapshot
---
SOURCE
##parse

loop {
  continue
  break
}


OK
Root(
    [
        Loop(
            [
                StmtExpr(
                    Continue,
                ),
                StmtExpr(
                    Break,
                ),
            ],
        ),
    ],
)
