---
source: src/parser/tests.rs
expression: snapshot
---
OK
Root(
    [
        StmtExpr(
            Infix(
                Add,
                Int32(
                    1,
                ),
                Int32(
                    1,
                ),
            ),
        ),
        StmtExpr(
            Infix(
                Mul,
                Int32(
                    3,
                ),
                Int32(
                    4,
                ),
            ),
        ),
        StmtExpr(
            Infix(
                Sub,
                Infix(
                    Add,
                    Int32(
                        1,
                    ),
                    Infix(
                        Mul,
                        Infix(
                            Div,
                            Int32(
                                7,
                            ),
                            Int32(
                                2,
                            ),
                        ),
                        Int32(
                            3,
                        ),
                    ),
                ),
                Int32(
                    1,
                ),
            ),
        ),
    ],
)
