---
source: src/parser/tests.rs
expression: snapshot
---
OK
Root(
    [
        Var(
            Ident(
                "x",
            ),
            Int(
                0,
            ),
        ),
    ],
)
