---
source: src/vm/tests.rs
expression: snapshot
---
SOURCE
1 + 1 + 1 + 1


OK
Int(4)
