---
source: src/vm/tests.rs
expression: snapshot
---
SOURCE
do { 1 }

OK
Int(1)
