---
source: src/vm/tests.rs
expression: snapshot
---
SOURCE
let v = 1
do {-v}

OK
Int(-1)
