---
source: src/vm/tests.rs
expression: snapshot
---
OK
[Int(0), Int(1), Int(2)]
