---
source: src/codegen/tests.rs
expression: snapshot
---
SOURCE
true


OK
.fn @main
  params 0
  stack 1
  .code
  0  ltrue r0
  1  ret
