---
source: src/codegen/tests.rs
expression: snapshot
---
SOURCE
let a = 0
let b = 1


OK
.fn @main
  params 0
  stack 3
  .locals
    a = r1
    b = r2
  .code
  0  lsmi r1, 0
  1  lsmi r2, 1
  2  lnil r0
  3  ret
