---
source: src/codegen/tests.rs
expression: snapshot
---
OK
.fn @main
  params 0
  stack 4
  .locals
    x = r1
    y = r2
  .code
   0  lsmi r1, 1
   1  lsmi r2, 0
   2  isfalse r1
   3  jmp 3   ; to 6
   4  lsmi r0, 1
   5  ret
   6  isfalse r2
   7  jmp 4   ; to 11
   8  lsmi r0, 2
   9  ret
  10  lnil r0
  11  ret
