---
source: src/codegen/tests.rs
expression: snapshot
---
OK
.fn @main
  params 0
  stack 2
  .locals
    a = r1
  .code
  0  lsmi r1, 1
  1  lsmi r1, 2
  2  lsmi r1, 3
  3  ret
