---
source: src/codegen/tests.rs
expression: snapshot
---
SOURCE
let a = 0
let b = 1

if a < b and b >= a {
  return 0
} else {
  return 1
}


OK
.fn @main
  params 0
  stack 3
  .locals
    a = r1
    b = r2
  .code
   0  lsmi r1, 0
   1  lsmi r2, 1
   2  islt r1, r2
   3  jmp 7   ; to 10
   4  isge r2, r1
   5  jmp 5   ; to 10
   6  lsmi r0, 0
   7  ret
   8  lnil r0
   9  jmp 4   ; to 13
  10  lsmi r0, 1
  11  ret
  12  lnil r0
  13  ret
